// Jest Snapshot v1, https://goo.gl/fbAQLP

exports[`__compress_and_send_json_request handles base64 compression 1`] = `
Array [
  Array [
    "/e/",
    Object {
      "data": "eyJsYXJnZV9rZXkiOiJhYmNhYmNhYmNhYmNhYmNhYmNhYmNhYmNhYmNhYmNhYmNhYmNhYmNhYmNhYmNhYmNhYmNhYmNhYmNhYmNhYmNhYmNhYmNhYmNhYmNhYmNhYmNhYmNhYmNhYmNhYmNhYmNhYmNhYmNhYmNhYmNhYmNhYmNhYmNhYmNhYmNhYmNhYmNhYmNhYmNhYmNhYmNhYmNhYmNhYmNhYmNhYmNhYmNhYmNhYmNhYmNhYmNhYmNhYmNhYmNhYmNhYmNhYmNhYmNhYmNhYmNhYmNhYmNhYmNhYmNhYmNhYmNhYmNhYmNhYmNhYmNhYmNhYmNhYmNhYmNhYmNhYmNhYmNhYmNhYmNhYmNhYmNhYmNhYmNhYmNhYmNhYmNhYmNhYmNhYmNhYmNhYmNhYmNhYmNhYmNhYmNhYmNhYmNhYmNhYmNhYmNhYmNhYmNhYmNhYmNhYmNhYmNhYmNhYmNhYmNhYmNhYmNhYmNhYmNhYmNhYmNhYmNhYmNhYmNhYmNhYmNhYmNhYmNhYmNhYmNhYmNhYmNhYmNhYmNhYmNhYmNhYmNhYmNhYmNhYmNhYmNhYmNhYmNhYmNhYmNhYmNhYmNhYmNhYmNhYmNhYmNhYmNhYmNhYmNhYmNhYmNhYmNhYmNhYmNhYmNhYmNhYmNhYmNhYmNhYmNhYmNhYmNhYmNhYmNhYmNhYmNhYmNhYmNhYmNhYmNhYmNhYmNhYmNhYmNhYmNhYmNhYmNhYmNhYmNhYmNhYmNhYmNhYmNhYmNhYmNhYmNhYmNhYmNhYmNhYmNhYmNhYmNhYmNhYmNhYmNhYmNhYmNhYmNhYmNhYmNhYmNhYmNhYmNhYmNhYmNhYmNhYmNhYmNhYmNhYmNhYmNhYmNhYmNhYmNhYmNhYmNhYmNhYmNhYmNhYmNhYmNhYmNhYmNhYmNhYmNhYmNhYmNhYmNhYmNhYmNhYmNhYmNhYmNhYmNhYmNhYmNhYmNhYmNhYmNhYmNhYmNhYmNhYmNhYmNhYmNhYmNhYmNhYmNhYmNhYmNhYmNhYmNhYmNhYmNhYmNhYmNhYmNhYmNhYmNhYmNhYmNhYmNhYmNhYmNhYmNhYmNhYmNhYmNhYmNhYmNhYmNhYmNhYmNhYmNhYmNhYmNhYmNhYmNhYmNhYmNhYmNhYmNhYmNhYmNhYmNhYmNhYmNhYmNhYmNhYmNhYmNhYmNhYmNhYmNhYmNhYmNhYmNhYmNhYmNhYmNhYmNhYmNhYmNhYmNhYmNhYmNhYmNhYmNhYmNhYmNhYmNhYmNhYmNhYmNhYmNhYmNhYmNhYmNhYmNhYmNhYmNhYmNhYmNhYmNhYmNhYmNhYmNhYmNhYmNhYmNhYmNhYmNhYmNhYmNhYmNhYmNhYmNhYmNhYmNhYmNhYmNhYmNhYmNhYmNhYmNhYmNhYmNhYmNhYmNhYmNhYmNhYmNhYmNhYmNhYmNhYmNhYmNhYmNhYmNhYmNhYmNhYmNhYmNhYmNhYmNhYmNhYmNhYmNhYmNhYmNhYmNhYmNhYmNhYmNhYmNhYmNhYmNhYmNhYmNhYmNhYmNhYmNhYmNhYmNhYmNhYmNhYmNhYmNhYmNhYmNhYmNhYmNhYmNhYmNhYmNhYmNhYmNhYmNhYmNhYmNhYmNhYmNhYmNhYmNhYmNhYmNhYmNhYmNhYmNhYmNhYmNhYmNhYmNhYmNhYmNhYmNhYmNhYmNhYmNhYmNhYmNhYmNhYmNhYmNhYmNhYmNhYmNhYmNhYmNhYmNhYmNhYmNhYmNhYmNhYmNhYmNhYmNhYmNhYmNhYmNhYmNhYmNhYmNhYmNhYmNhYmNhYmNhYmNhYmNhYmNhYmNhYmNhYmNhYmNhYmNhYmNhYmNhYmNhYmNhYmNhYmNhYmNhYmNhYmNhYmNhYmNhYmNhYmNhYmNhYmNhYmNhYmNhYmNhYmNhYmNhYmNhYmNhYmNhYmNhYmNhYmNhYmNhYmNhYmNhYmNhYmNhYmNhYmNhYmNhYmNhYmNhYmNhYmNhYmMifQ==",
    },
    undefined,
    [MockFunction],
  ],
]
`;

exports[`__compress_and_send_json_request handles gzip-js compression 1`] = `
Array [
  Array [
    "/e/",
    Uint8Array [
      31,
      139,
      8,
      0,
      0,
      0,
      0,
      0,
      0,
      3,
      171,
      86,
      202,
      73,
      44,
      74,
      79,
      141,
      207,
      78,
      173,
      84,
      178,
      82,
      74,
      76,
      74,
      30,
      69,
      163,
      104,
      20,
      141,
      162,
      81,
      52,
      156,
      144,
      82,
      45,
      0,
      150,
      15,
      165,
      86,
      233,
      5,
      0,
      0,
    ],
    Object {
      "blob": true,
      "urlQueryArgs": Object {
        "compression": "gzip-js",
      },
    },
    [MockFunction],
  ],
]
`;

exports[`__compress_and_send_json_request handles lz64 compression 1`] = `
Array [
  Array [
    "/e/",
    Object {
      "compression": "lz64",
      "data": "N4IgNghgTg5gpgfQNZwJ4gFwggIwMa4H6EnFlEWmXlW033WN1MPNusctfvec/99BvYQJFDRE8VLEzJs6XMULl81UrUr1WzTo17t+3QeNHTh8yYtnLN63asPbj+09cv3zz8xABfIA",
    },
    undefined,
    [MockFunction],
  ],
]
`;
