// Jest Snapshot v1, https://goo.gl/fbAQLP

exports[`encodePostDataBody() handles arrays 1`] = `"data=foo%2Cbar"`;

exports[`encodePostDataBody() handles data with compression 1`] = `"data=content&compression=lz64"`;

exports[`encodePostDataBody() handles objects 1`] = `"data=content"`;
