// Jest Snapshot v1, https://goo.gl/fbAQLP

exports[`encodePostData() handles arrays 1`] = `"data=foo%2Cbar"`;

exports[`encodePostData() handles data with compression 1`] = `"data=content&compression=lz64"`;

exports[`encodePostData() handles objects 1`] = `"data=content"`;

exports[`encodePostData() handles plain 1`] = `
Object {
  "data": "content",
}
`;
